warning: `VIRTUAL_ENV=D:\tools\Python\Python313` does not match the project environment path `.venv` and will be ignored; use `--active` to target the active environment instead
============================================================
市场状态自适应混合策略训练 (AdaptiveHybridStrategy) - Walk-Forward 验证
============================================================
找到 1 个数据文件
  ETHUSDT_5m.parquet

============================================================
训练币种: ETHUSDT
============================================================
已截取最近 10 天数据: 2880 条K线
数据量: 2880 条K线, 价格范围: 2258.24 - 2461.47
Walk-Forward 验证搜索 (市场状态自适应: ADX判市, 震荡=RSI均值回归, 趋势=EMA趋势跟随)
  总数据: 2880 条K线, 5 个窗口, 每窗口 480 条
  参数组合: 2592, 总时间预算: 600s

────────────────────────────────────────────────────────────
窗口 1/5: 训练 [0:480] 验证 [480:960]
  窗口最优: rsiL=35 rsiH=65 ma=20 trendL=100 trendP=10 adx_th=30 atr_p=7 atr_m=1.5 hold=12
  验证评分=1.4141 | 收益=+0.39% | 夏普=4.41 | DD=-0.1% | 交易=1 | 耗时=27.4s
────────────────────────────────────────────────────────────
窗口 2/5: 训练 [0:960] 验证 [960:1440]
  窗口最优: rsiL=25 rsiH=65 ma=10 trendL=50 trendP=10 adx_th=20 atr_p=7 atr_m=1.5 hold=12
  验证评分=0.2000 | 收益=+0.00% | 夏普=0.00 | DD=+0.0% | 交易=2 | 耗时=23.0s
────────────────────────────────────────────────────────────
窗口 3/5: 训练 [0:1440] 验证 [1440:1920]
  窗口最优: rsiL=25 rsiH=65 ma=10 trendL=100 trendP=10 adx_th=25 atr_p=7 atr_m=1.5 hold=12
  验证评分=1.1067 | 收益=+0.04% | 夏普=3.36 | DD=+0.0% | 交易=0 | 耗时=23.0s
────────────────────────────────────────────────────────────
窗口 4/5: 训练 [0:1920] 验证 [1920:2400]
  窗口最优: rsiL=25 rsiH=65 ma=10 trendL=50 trendP=10 adx_th=20 atr_p=7 atr_m=1.5 hold=12
  验证评分=0.2000 | 收益=+0.00% | 夏普=0.00 | DD=+0.0% | 交易=0 | 耗时=23.7s
────────────────────────────────────────────────────────────
窗口 5/5: 训练 [0:2400] 验证 [2400:2880]
  窗口最优: rsiL=25 rsiH=65 ma=10 trendL=200 trendP=10 adx_th=30 atr_p=7 atr_m=1.5 hold=12
  验证评分=1.0697 | 收益=+0.16% | 夏普=3.21 | DD=-0.0% | 交易=2 | 耗时=22.4s

============================================================
跨窗口稳健性分析
============================================================
参数                                                                             窗口      平均分      最低分      稳健分      均收益
-------------------------------------------------------------------------------------------------------------------
rsiL35_rsiH65_ma20_tL100_tP10_adx30_ap7_am1.5_h12                               1   1.4141   1.4141   1.4141   +0.39%
rsiL25_rsiH65_ma10_tL100_tP10_adx25_ap7_am1.5_h12                               1   1.1067   1.1067   1.1067   +0.04%
rsiL25_rsiH65_ma10_tL200_tP10_adx30_ap7_am1.5_h12                               1   1.0697   1.0697   1.0697   +0.16%
rsiL25_rsiH65_ma10_tL50_tP10_adx20_ap7_am1.5_h12                                2   0.2000   0.2000   0.2000   +0.00%

稳健冠军: rsiL=35 rsiH=65 ma=20 trendL=100 trendP=10 adx_th=30 atr_p=7 atr_m=1.5 hold=12
跨窗口平均评分: 1.4141 (最低: 1.4141)
跨窗口平均收益: +0.39%

============================================================
冠军参数全量数据评估
============================================================
全量数据: score=0.4647 | ret=+0.04% | sharpe=0.06 | DD=-1.0% | WR=46.2% | trades=26

Walk-Forward 搜索完成, 总耗时 119.5s

最优参数已保存: D:\10_skill\autoresearch\checkpoints\quant_model.pt

============================================================
最优参数与回测结果
============================================================
来源币种:       ETHUSDT
RSI超卖阈值:    35 (震荡市做多)
RSI超买阈值:    65 (震荡市做空)
震荡市EMA:      20 (均值回归动量过滤)
趋势市长EMA:    100 (趋势方向)
趋势市短EMA:    10 (回调入场)
ADX阈值:        30 (>阈值=趋势市, <=阈值=震荡市)
ATR周期:        7
ATR止损倍数:    1.5
最大持仓K线:   12
活跃指标:       ADX判市 + 震荡市RSI均值回归 + 趋势市EMA趋势跟随
综合评分:       1.414119
夏普比率:       0.0595
总收益率:       0.04%
年化收益率:     0.29%
年化波动率:     4.84%
最大回撤:       -1.00%
胜率:           46.2%
总耗时:         119.9s

归档完成: D:\10_skill\autoresearch\archives\20260504_121315_ETHUSDT_adaptive
