warning: `VIRTUAL_ENV=D:\tools\Python\Python313` does not match the project environment path `.venv` and will be ignored; use `--active` to target the active environment instead
============================================================
加密货币量化策略训练 (均线交叉趋势跟随 - 多空双向)
============================================================
找到 4 个数据文件
  BTCUSDT_5m.parquet
  ETHUSDT_5m.parquet
  SOLUSDT_1m.parquet
  SOLUSDT_5m.parquet

============================================================
训练币种: BTCUSDT
============================================================
数据量: 34560 条K线, 价格范围: 60081.74 - 97744.45
Stage 1: 核心参数搜索 (训练集 31104 条, 验证集 3456 条)
  参数组合: 480, 时间预算: 75s

  [1/480] w=10 atr=1.5 hold=12 rsi=25 | 评分=0.0000 | 收益=-80.04% | 夏普=-2.65 | DD=-80.1% | 交易=893
  [50/480] w=10 atr=2.5 hold=24 rsi=30 | 评分=0.0000 | 收益=-76.19% | 夏普=-2.50 | DD=-76.3% | 交易=811
  [100/480] w=12 atr=1.5 hold=48 rsi=40 | 评分=0.0000 | 收益=-75.35% | 夏普=-2.91 | DD=-75.5% | 交易=808
  [150/480] w=12 atr=3.0 hold=24 rsi=30 | 评分=0.0000 | 收益=-74.01% | 夏普=-2.45 | DD=-74.2% | 交易=792
  [200/480] w=15 atr=2.0 hold=48 rsi=40 | 评分=0.0000 | 收益=-74.50% | 夏普=-2.68 | DD=-74.5% | 交易=793
  [250/480] w=20 atr=1.5 hold=24 rsi=30 | 评分=0.0000 | 收益=-80.55% | 夏普=-2.64 | DD=-80.5% | 交易=926
  [300/480] w=20 atr=2.5 hold=48 rsi=40 | 评分=0.0000 | 收益=-75.53% | 夏普=-2.64 | DD=-75.5% | 交易=803
  [350/480] w=25 atr=2.0 hold=24 rsi=30 | 评分=0.0000 | 收益=-79.56% | 夏普=-2.56 | DD=-79.6% | 交易=877
  [400/480] w=25 atr=3.0 hold=48 rsi=40 | 评分=0.0000 | 收益=-76.47% | 夏普=-2.69 | DD=-76.5% | 交易=796
  [450/480] w=30 atr=2.5 hold=24 rsi=30 | 评分=0.0000 | 收益=-78.62% | 夏普=-2.53 | DD=-78.6% | 交易=843

Stage 1 完成: 480/480 组合, 耗时 23.8s
  最优核心参数: w=10 atr=1.5 hold=12 rsi=25
  评分=0.0000 收益=-80.04%

Stage 2: 指标组合搜索 (35 种组合)
  时间预算: 126s

  [10/35] use_adx+use_volume                       | 评分=0.0000 | 收益=-31.65% | 交易=203
  [20/35] use_mfi                                  | 评分=0.0000 | 收益=-75.49% | 交易=814
  [30/35] use_macd_divergence                      | 评分=0.0000 | 收益=-80.04% | 交易=893

Stage 2 完成: 35/35 组合, 耗时 2.3s
  无额外指标（纯均线交叉策略）


============================================================
训练币种: ETHUSDT
============================================================
数据量: 17280 条K线, 价格范围: 1806.72 - 2461.47
Stage 1: 核心参数搜索 (训练集 15552 条, 验证集 1728 条)
  参数组合: 480, 时间预算: 75s

  [1/480] w=10 atr=1.5 hold=12 rsi=25 | 评分=0.0000 | 收益=-62.08% | 夏普=-1.93 | DD=-62.1% | 交易=469
  [50/480] w=10 atr=2.5 hold=24 rsi=30 | 评分=0.0000 | 收益=-55.20% | 夏普=-1.87 | DD=-55.2% | 交易=417
  [100/480] w=12 atr=1.5 hold=48 rsi=40 | 评分=0.0000 | 收益=-56.38% | 夏普=-2.24 | DD=-56.4% | 交易=424
  [150/480] w=12 atr=3.0 hold=24 rsi=30 | 评分=0.0000 | 收益=-53.21% | 夏普=-1.86 | DD=-53.2% | 交易=416
  [200/480] w=15 atr=2.0 hold=48 rsi=40 | 评分=0.0000 | 收益=-48.42% | 夏普=-2.02 | DD=-48.4% | 交易=405
  [250/480] w=20 atr=1.5 hold=24 rsi=30 | 评分=0.0000 | 收益=-56.52% | 夏普=-2.00 | DD=-56.7% | 交易=452
  [300/480] w=20 atr=2.5 hold=48 rsi=40 | 评分=0.0000 | 收益=-48.21% | 夏普=-1.96 | DD=-48.2% | 交易=380
  [350/480] w=25 atr=2.0 hold=24 rsi=30 | 评分=0.0000 | 收益=-48.21% | 夏普=-1.88 | DD=-48.3% | 交易=393
  [400/480] w=25 atr=3.0 hold=48 rsi=40 | 评分=0.0000 | 收益=-45.33% | 夏普=-1.88 | DD=-45.3% | 交易=352
  [450/480] w=30 atr=2.5 hold=24 rsi=30 | 评分=0.0000 | 收益=-46.21% | 夏普=-1.88 | DD=-46.3% | 交易=374

Stage 1 完成: 480/480 组合, 耗时 12.0s
  最优核心参数: w=10 atr=1.5 hold=12 rsi=25
  评分=0.0000 收益=-62.08%

Stage 2: 指标组合搜索 (35 种组合)
  时间预算: 138s

  [10/35] use_adx+use_volume                       | 评分=0.0000 | 收益=-21.18% | 交易=108
  [20/35] use_mfi                                  | 评分=0.0000 | 收益=-56.80% | 交易=420
  [30/35] use_macd_divergence                      | 评分=0.0000 | 收益=-62.08% | 交易=469

Stage 2 完成: 35/35 组合, 耗时 1.1s
  无额外指标（纯均线交叉策略）


============================================================
训练币种: SOLUSDT
============================================================
数据量: 58700 条K线, 价格范围: 75.87 - 97.63
Stage 1: 核心参数搜索 (训练集 52830 条, 验证集 5870 条)
  参数组合: 480, 时间预算: 75s

  [1/480] w=10 atr=1.5 hold=12 rsi=25 | 评分=0.0000 | 收益=-93.37% | 夏普=-3.34 | DD=-93.4% | 交易=1545
  [50/480] w=10 atr=2.5 hold=24 rsi=30 | 评分=0.0000 | 收益=-91.25% | 夏普=-3.28 | DD=-91.3% | 交易=1395
  [100/480] w=12 atr=1.5 hold=48 rsi=40 | 评分=0.0000 | 收益=-91.84% | 夏普=-3.64 | DD=-91.9% | 交易=1406
  [150/480] w=12 atr=3.0 hold=24 rsi=30 | 评分=0.0000 | 收益=-91.32% | 夏普=-3.27 | DD=-91.3% | 交易=1391
  [200/480] w=15 atr=2.0 hold=48 rsi=40 | 评分=0.0000 | 收益=-91.44% | 夏普=-3.56 | DD=-91.4% | 交易=1378
  [250/480] w=20 atr=1.5 hold=24 rsi=30 | 评分=0.0000 | 收益=-93.80% | 夏普=-3.37 | DD=-93.8% | 交易=1554
  [300/480] w=20 atr=2.5 hold=48 rsi=40 | 评分=0.0000 | 收益=-91.08% | 夏普=-3.43 | DD=-91.1% | 交易=1342
  [350/480] w=25 atr=2.0 hold=24 rsi=30 | 评分=0.0000 | 收益=-91.63% | 夏普=-3.35 | DD=-91.6% | 交易=1419
  [400/480] w=25 atr=3.0 hold=48 rsi=40 | 评分=0.0000 | 收益=-89.53% | 夏普=-3.44 | DD=-89.6% | 交易=1287
  [450/480] w=30 atr=2.5 hold=24 rsi=30 | 评分=0.0000 | 收益=-90.34% | 夏普=-3.41 | DD=-90.4% | 交易=1306

Stage 1 完成: 480/480 组合, 耗时 40.3s
  最优核心参数: w=10 atr=1.5 hold=12 rsi=25
  评分=0.0000 收益=-93.37%

Stage 2: 指标组合搜索 (35 种组合)
  时间预算: 110s

  [10/35] use_adx+use_volume                       | 评分=0.0000 | 收益=-50.23% | 交易=392
  [20/35] use_mfi                                  | 评分=0.0000 | 收益=-90.80% | 交易=1363
  [30/35] use_macd_divergence                      | 评分=0.0000 | 收益=-93.37% | 交易=1545

Stage 2 完成: 35/35 组合, 耗时 3.8s
  无额外指标（纯均线交叉策略）


============================================================
训练币种: SOLUSDT
============================================================
数据量: 17280 条K线, 价格范围: 75.91 - 97.63
Stage 1: 核心参数搜索 (训练集 15552 条, 验证集 1728 条)
  参数组合: 480, 时间预算: 75s

  [1/480] w=10 atr=1.5 hold=12 rsi=25 | 评分=0.0000 | 收益=-59.63% | 夏普=-1.86 | DD=-59.7% | 交易=475
  [50/480] w=10 atr=2.5 hold=24 rsi=30 | 评分=0.0000 | 收益=-53.18% | 夏普=-1.89 | DD=-53.2% | 交易=427
  [100/480] w=12 atr=1.5 hold=48 rsi=40 | 评分=0.0000 | 收益=-51.07% | 夏普=-2.09 | DD=-51.4% | 交易=414
  [150/480] w=12 atr=3.0 hold=24 rsi=30 | 评分=0.0000 | 收益=-50.05% | 夏普=-1.88 | DD=-50.1% | 交易=408
  [200/480] w=15 atr=2.0 hold=48 rsi=40 | 评分=0.0000 | 收益=-48.35% | 夏普=-2.06 | DD=-48.5% | 交易=385
  [250/480] w=20 atr=1.5 hold=24 rsi=30 | 评分=0.0000 | 收益=-50.35% | 夏普=-1.86 | DD=-50.4% | 交易=420
  [300/480] w=20 atr=2.5 hold=48 rsi=40 | 评分=0.0000 | 收益=-48.19% | 夏普=-1.96 | DD=-48.2% | 交易=372
  [350/480] w=25 atr=2.0 hold=24 rsi=30 | 评分=0.0000 | 收益=-44.45% | 夏普=-1.85 | DD=-44.5% | 交易=359
  [400/480] w=25 atr=3.0 hold=48 rsi=40 | 评分=0.0000 | 收益=-43.33% | 夏普=-1.88 | DD=-43.5% | 交易=329
  [450/480] w=30 atr=2.5 hold=24 rsi=30 | 评分=0.0000 | 收益=-42.53% | 夏普=-1.89 | DD=-42.7% | 交易=346

Stage 1 完成: 480/480 组合, 耗时 12.1s
  最优核心参数: w=10 atr=1.5 hold=12 rsi=25
  评分=0.0000 收益=-59.63%

Stage 2: 指标组合搜索 (35 种组合)
  时间预算: 138s

  [10/35] use_adx+use_volume                       | 评分=0.0000 | 收益=-18.40% | 交易=90
  [20/35] use_mfi                                  | 评分=0.0000 | 收益=-56.73% | 交易=443
  [30/35] use_macd_divergence                      | 评分=0.0000 | 收益=-59.63% | 交易=475

Stage 2 完成: 35/35 组合, 耗时 1.2s
  无额外指标（纯均线交叉策略）


最优参数已保存: d:\10_skill\autoresearch\checkpoints\quant_model.pt

============================================================
最优参数与回测结果
============================================================
来源币种:       BTCUSDT
均线周期:       10
ATR止损倍数:    1.5
最大持仓K线:   12
RSI阈值:        25
活跃指标:       无（纯均线交叉策略）
综合评分:       0.000000
夏普比率:       -2.6479
总收益率:       -80.04%
年化收益率:     -99.99%
年化波动率:     37.76%
最大回撤:       -80.07%
胜率:           9.5%
总耗时:         96.6s
