warning: `VIRTUAL_ENV=D:\tools\Python\Python313` does not match the project environment path `.venv` and will be ignored; use `--active` to target the active environment instead
============================================================
加密货币量化策略训练 (布林带均值回归)
============================================================
找到 1 个数据文件
  BTCUSDT_5m.parquet

加载数据...
总数据量: 34560 条K线
开始参数搜索 (训练集 31104 条, 验证集 3456 条)
时间预算: 300s

[1/28] window=10 std=1.5 | 评分=0.1936 | 收益=-21.39% | 交易=200
[2/28] window=10 std=2.0 | 评分=0.2279 | 收益=-5.41% | 交易=100
[3/28] window=10 std=2.5 | 评分=0.7859 | 收益=4.95% | 交易=12
[4/28] window=10 std=3.0 | 评分=0.1500 | 收益=0.00% | 交易=0
[5/28] window=15 std=1.5 | 评分=0.2012 | 收益=-17.25% | 交易=162
[6/28] window=15 std=2.0 | 评分=0.2156 | 收益=-8.75% | 交易=96
[7/28] window=15 std=2.5 | 评分=0.3886 | 收益=1.14% | 交易=38
[8/28] window=15 std=3.0 | 评分=0.4836 | 收益=1.75% | 交易=4
[9/28] window=20 std=1.5 | 评分=0.2139 | 收益=-11.89% | 交易=128
[10/28] window=20 std=2.0 | 评分=0.2201 | 收益=-7.15% | 交易=72
[11/28] window=20 std=2.5 | 评分=0.2494 | 收益=-0.19% | 交易=30
[12/28] window=20 std=3.0 | 评分=0.3717 | 收益=0.83% | 交易=10
[13/28] window=25 std=1.5 | 评分=0.2131 | 收益=-10.16% | 交易=102
[14/28] window=25 std=2.0 | 评分=0.2335 | 收益=-4.14% | 交易=62
[15/28] window=25 std=2.5 | 评分=0.5956 | 收益=2.59% | 交易=30
[16/28] window=25 std=3.0 | 评分=0.2233 | 收益=-0.44% | 交易=12
[17/28] window=30 std=1.5 | 评分=0.2217 | 收益=-8.71% | 交易=84
[18/28] window=30 std=2.0 | 评分=0.2489 | 收益=-2.65% | 交易=56
[19/28] window=30 std=2.5 | 评分=0.5211 | 收益=1.93% | 交易=34
[20/28] window=30 std=3.0 | 评分=0.5519 | 收益=1.91% | 交易=14
[21/28] window=40 std=1.5 | 评分=0.2320 | 收益=-6.40% | 交易=66
[22/28] window=40 std=2.0 | 评分=0.2409 | 收益=-1.85% | 交易=48
[23/28] window=40 std=2.5 | 评分=0.2693 | 收益=-0.01% | 交易=22
[24/28] window=40 std=3.0 | 评分=0.6134 | 收益=2.45% | 交易=16
[25/28] window=50 std=1.5 | 评分=0.2370 | 收益=-3.89% | 交易=52
[26/28] window=50 std=2.0 | 评分=0.3452 | 收益=0.79% | 交易=38
[27/28] window=50 std=2.5 | 评分=0.6298 | 收益=2.51% | 交易=24
[28/28] window=50 std=3.0 | 评分=0.2264 | 收益=-1.01% | 交易=10

最优参数已保存: D:\10_skill\autoresearch\checkpoints\quant_model.pt

============================================================
最优参数与回测结果
============================================================
布林带周期: 10
标准差倍数: 2.5
综合评分:   0.785864
夏普比率:   1.2861
总收益率:   4.95%
年化收益率: 34.25%
年化波动率: 26.63%
最大回撤:   -3.41%
胜率:       100.0%
总耗时:     0.6s
