warning: `VIRTUAL_ENV=D:\tools\Python\Python313` does not match the project environment path `.venv` and will be ignored; use `--active` to target the active environment instead
============================================================
加密货币量化策略训练 (布林带均值回归 + 强趋势过滤 - 多空双向)
============================================================
找到 4 个数据文件
  BTCUSDT_5m.parquet
  ETHUSDT_5m.parquet
  SOLUSDT_1m.parquet
  SOLUSDT_5m.parquet

============================================================
训练币种: BTCUSDT
============================================================
数据量: 34560 条K线, 价格范围: 60081.74 - 97744.45
Stage 1: 核心参数搜索 (训练集 31104 条, 验证集 3456 条)
  参数组合: 432, 时间预算: 75s

  [1/432] w=15 std=2.0 atr=2.0 hold=12 rsi=30 ez=0.0 | 评分=0.0000 | 收益=-3.52% | 夏普=-1.81 | DD=-3.8% | 交易=66
  [50/432] w=15 std=2.5 atr=2.5 hold=12 rsi=35 ez=0.0 | 评分=0.0000 | 收益=-3.34% | 夏普=-2.11 | DD=-3.5% | 交易=52
  [100/432] w=15 std=3.0 atr=3.0 hold=18 rsi=30 ez=0.0 | 评分=0.0000 | 收益=-1.95% | 夏普=-2.13 | DD=-2.0% | 交易=9
  [150/432] w=20 std=2.5 atr=2.0 hold=18 rsi=40 ez=0.0 | 评分=0.0000 | 收益=-3.26% | 夏普=-1.76 | DD=-3.3% | 交易=76
  [200/432] w=20 std=3.0 atr=2.5 hold=24 rsi=35 ez=0.0 | 评分=0.0000 | 收益=-2.72% | 夏普=-2.07 | DD=-3.0% | 交易=27
  [250/432] w=25 std=2.0 atr=3.0 hold=36 rsi=30 ez=0.0 | 评分=0.0000 | 收益=-6.28% | 夏普=-2.90 | DD=-6.7% | 交易=90
  [300/432] w=25 std=3.0 atr=2.0 hold=36 rsi=40 ez=0.0 | 评分=0.0000 | 收益=-2.79% | 夏普=-1.99 | DD=-3.1% | 交易=45
  [350/432] w=30 std=2.0 atr=3.0 hold=12 rsi=35 ez=0.0 | 评分=0.0000 | 收益=-12.45% | 夏普=-3.08 | DD=-13.3% | 交易=167
  [400/432] w=30 std=3.0 atr=2.0 hold=18 rsi=30 ez=0.0 | 评分=0.0000 | 收益=-2.73% | 夏普=-2.10 | DD=-2.7% | 交易=33

Stage 1 完成: 432/432 组合, 耗时 33.2s
  最优核心参数: w=15 std=2.0 atr=2.0 hold=12 rsi=30 ez=0.0
  评分=0.0000 收益=-3.52%

Stage 2: 指标组合搜索 (35 种组合)
  时间预算: 117s

  [10/35] use_adx+use_volume                       | 评分=0.0000 | 收益=-2.54% | 交易=42
  [11/35] use_macd[direction]                      | 评分=0.2000 | 收益=0.00% | 夏普=0.00 | DD=0.0% | 交易=0 <<< NEW BEST
  [20/35] use_mfi                                  | 评分=0.1657 | 收益=-0.06% | 交易=1
  [21/35] use_mfi                                  | 评分=0.2320 | 收益=-0.01% | 夏普=-0.09 | DD=-0.1% | 交易=2 <<< NEW BEST
  [30/35] use_macd_divergence                      | 评分=0.2310 | 收益=-0.07% | 交易=3
  [31/35] use_rsi_divergence+use_macd_divergence   | 评分=0.2388 | 收益=-0.09% | 夏普=-0.62 | DD=-0.1% | 交易=4 <<< NEW BEST

Stage 2 完成: 35/35 组合, 耗时 3.8s
  活跃指标: use_macd=True, macd_confirm_mode=direction, use_mfi=True, mfi_threshold=30, use_rsi_divergence=True, use_macd_divergence=True


============================================================
训练币种: ETHUSDT
============================================================
数据量: 17280 条K线, 价格范围: 1806.72 - 2461.47
Stage 1: 核心参数搜索 (训练集 15552 条, 验证集 1728 条)
  参数组合: 432, 时间预算: 75s

  [1/432] w=15 std=2.0 atr=2.0 hold=12 rsi=30 ez=0.0 | 评分=0.0000 | 收益=-0.85% | 夏普=-0.73 | DD=-1.4% | 交易=28
  [37/432] w=15 std=2.5 atr=2.0 hold=12 rsi=30 ez=0.0 | 评分=0.3980 | 收益=-0.25% | 夏普=-0.26 | DD=-1.4% | 交易=15
  [50/432] w=15 std=2.5 atr=2.5 hold=12 rsi=35 ez=0.0 | 评分=0.0000 | 收益=-0.99% | 夏普=-0.82 | DD=-2.3% | 交易=26
  [100/432] w=15 std=3.0 atr=3.0 hold=18 rsi=30 ez=0.0 | 评分=0.0000 | 收益=-0.54% | 夏普=-0.74 | DD=-1.1% | 交易=6
  [150/432] w=20 std=2.5 atr=2.0 hold=18 rsi=40 ez=0.0 | 评分=0.0000 | 收益=-4.53% | 夏普=-2.54 | DD=-4.7% | 交易=41
  [200/432] w=20 std=3.0 atr=2.5 hold=24 rsi=35 ez=0.0 | 评分=0.3938 | 收益=-0.39% | 夏普=-0.43 | DD=-1.1% | 交易=15
  [250/432] w=25 std=2.0 atr=3.0 hold=36 rsi=30 ez=0.0 | 评分=0.0000 | 收益=-2.48% | 夏普=-1.71 | DD=-2.9% | 交易=42
  [290/432] w=25 std=3.0 atr=2.0 hold=12 rsi=35 ez=0.0 | 评分=0.6775 | 收益=0.99% | 夏普=0.95 | DD=-1.4% | 交易=20
  [293/432] w=25 std=3.0 atr=2.0 hold=18 rsi=35 ez=0.0 | 评分=0.7209 | 收益=1.17% | 夏普=1.12 | DD=-1.4% | 交易=20
  [300/432] w=25 std=3.0 atr=2.0 hold=36 rsi=40 ez=0.0 | 评分=0.6632 | 收益=0.95% | 夏普=0.88 | DD=-1.4% | 交易=21
  [305/432] w=25 std=3.0 atr=2.5 hold=18 rsi=35 ez=0.0 | 评分=0.8166 | 收益=1.66% | 夏普=1.53 | DD=-1.6% | 交易=20
  [350/432] w=30 std=2.0 atr=3.0 hold=12 rsi=35 ez=0.0 | 评分=0.0000 | 收益=-7.41% | 夏普=-2.62 | DD=-7.7% | 交易=86
  [400/432] w=30 std=3.0 atr=2.0 hold=18 rsi=30 ez=0.0 | 评分=0.3917 | 收益=-0.39% | 夏普=-0.41 | DD=-1.4% | 交易=15

Stage 1 完成: 432/432 组合, 耗时 16.6s
  最优核心参数: w=25 std=3.0 atr=2.5 hold=18 rsi=35 ez=0.0
  评分=0.8166 收益=1.66%

Stage 2: 指标组合搜索 (35 种组合)
  时间预算: 133s

  [10/35] use_adx+use_volume                       | 评分=0.6787 | 收益=1.25% | 交易=13
  [20/35] use_mfi                                  | 评分=0.5354 | 收益=0.56% | 交易=13
  [30/35] use_macd_divergence                      | 评分=0.8166 | 收益=1.66% | 交易=20

Stage 2 完成: 35/35 组合, 耗时 1.7s
  无额外指标（纯均线交叉策略）


============================================================
训练币种: SOLUSDT
============================================================
数据量: 58700 条K线, 价格范围: 75.87 - 97.63
Stage 1: 核心参数搜索 (训练集 52830 条, 验证集 5870 条)
  参数组合: 432, 时间预算: 75s

  [1/432] w=15 std=2.0 atr=2.0 hold=12 rsi=30 ez=0.0 | 评分=0.0000 | 收益=-7.95% | 夏普=-3.63 | DD=-8.3% | 交易=125
  [50/432] w=15 std=2.5 atr=2.5 hold=12 rsi=35 ez=0.0 | 评分=0.0000 | 收益=-9.32% | 夏普=-3.34 | DD=-9.5% | 交易=88
  [100/432] w=15 std=3.0 atr=3.0 hold=18 rsi=30 ez=0.0 | 评分=0.0000 | 收益=-1.72% | 夏普=-2.35 | DD=-1.8% | 交易=19
  [150/432] w=20 std=2.5 atr=2.0 hold=18 rsi=40 ez=0.0 | 评分=0.0000 | 收益=-12.47% | 夏普=-3.68 | DD=-12.7% | 交易=143
  [200/432] w=20 std=3.0 atr=2.5 hold=24 rsi=35 ez=0.0 | 评分=0.0000 | 收益=-6.59% | 夏普=-2.72 | DD=-6.6% | 交易=47
  [250/432] w=25 std=2.0 atr=3.0 hold=36 rsi=30 ez=0.0 | 评分=0.0000 | 收益=-10.09% | 夏普=-3.96 | DD=-10.4% | 交易=153
  [300/432] w=25 std=3.0 atr=2.0 hold=36 rsi=40 ez=0.0 | 评分=0.0000 | 收益=-8.38% | 夏普=-3.08 | DD=-8.5% | 交易=70
  [350/432] w=30 std=2.0 atr=3.0 hold=12 rsi=35 ez=0.0 | 评分=0.0000 | 收益=-19.19% | 夏普=-4.33 | DD=-19.4% | 交易=298
  [400/432] w=30 std=3.0 atr=2.0 hold=18 rsi=30 ez=0.0 | 评分=0.0000 | 收益=-5.43% | 夏普=-3.08 | DD=-5.6% | 交易=59

Stage 1 完成: 432/432 组合, 耗时 56.1s
  最优核心参数: w=15 std=2.0 atr=2.0 hold=12 rsi=30 ez=0.0
  评分=0.0000 收益=-7.95%

Stage 2: 指标组合搜索 (35 种组合)
  时间预算: 94s

  [10/35] use_adx+use_volume                       | 评分=0.0000 | 收益=-5.76% | 交易=83
  [11/35] use_macd[direction]                      | 评分=0.1655 | 收益=-0.08% | 夏普=-1.20 | DD=-0.1% | 交易=1 <<< NEW BEST
  [12/35] use_macd[histogram]                      | 评分=0.2000 | 收益=0.00% | 夏普=0.00 | DD=0.0% | 交易=0 <<< NEW BEST
  [20/35] use_mfi                                  | 评分=0.2000 | 收益=0.00% | 交易=0
  [27/35] use_rsi_divergence                       | 评分=0.2693 | 收益=0.00% | 夏普=0.01 | DD=-0.0% | 交易=1 <<< NEW BEST
  [29/35] use_macd_divergence                      | 评分=0.5443 | 收益=0.70% | 夏普=1.12 | DD=-0.1% | 交易=3 <<< NEW BEST
  [30/35] use_macd_divergence                      | 评分=0.4890 | 收益=0.58% | 交易=4
  [35/35] use_adx+use_mfi+use_macd[direction]      | 评分=0.6762 | 收益=1.05% | 夏普=1.52 | DD=-0.2% | 交易=6 <<< NEW BEST

Stage 2 完成: 35/35 组合, 耗时 6.1s
  活跃指标: use_macd=True, macd_confirm_mode=direction, use_rsi_divergence=True, use_macd_divergence=True, use_adx=True, adx_threshold=25, use_mfi=True, mfi_threshold=25


============================================================
训练币种: SOLUSDT
============================================================
数据量: 17280 条K线, 价格范围: 75.91 - 97.63
Stage 1: 核心参数搜索 (训练集 15552 条, 验证集 1728 条)
  参数组合: 432, 时间预算: 75s

  [1/432] w=15 std=2.0 atr=2.0 hold=12 rsi=30 ez=0.0 | 评分=0.0000 | 收益=-0.69% | 夏普=-0.51 | DD=-2.7% | 交易=44
  [37/432] w=15 std=2.5 atr=2.0 hold=12 rsi=30 ez=0.0 | 评分=0.9418 | 收益=1.81% | 夏普=2.02 | DD=-0.9% | 交易=21
  [50/432] w=15 std=2.5 atr=2.5 hold=12 rsi=35 ez=0.0 | 评分=0.5929 | 收益=0.44% | 夏普=0.42 | DD=-1.3% | 交易=33
  [100/432] w=15 std=3.0 atr=3.0 hold=18 rsi=30 ez=0.0 | 评分=0.2868 | 收益=-0.26% | 夏普=-0.98 | DD=-0.5% | 交易=5
  [150/432] w=20 std=2.5 atr=2.0 hold=18 rsi=40 ez=0.0 | 评分=0.0000 | 收益=-2.20% | 夏普=-1.42 | DD=-3.3% | 交易=50
  [200/432] w=20 std=3.0 atr=2.5 hold=24 rsi=35 ez=0.0 | 评分=0.3957 | 收益=-0.10% | 夏普=-0.14 | DD=-0.8% | 交易=17
  [250/432] w=25 std=2.0 atr=3.0 hold=36 rsi=30 ez=0.0 | 评分=0.0000 | 收益=-1.47% | 夏普=-0.93 | DD=-3.1% | 交易=54
  [300/432] w=25 std=3.0 atr=2.0 hold=36 rsi=40 ez=0.0 | 评分=0.4173 | 收益=-0.34% | 夏普=-0.41 | DD=-1.3% | 交易=21
  [350/432] w=30 std=2.0 atr=3.0 hold=12 rsi=35 ez=0.0 | 评分=0.0000 | 收益=-4.18% | 夏普=-1.80 | DD=-5.1% | 交易=88
  [400/432] w=30 std=3.0 atr=2.0 hold=18 rsi=30 ez=0.0 | 评分=0.0000 | 收益=-1.00% | 夏普=-1.02 | DD=-2.0% | 交易=21

Stage 1 完成: 432/432 组合, 耗时 16.8s
  最优核心参数: w=15 std=2.5 atr=2.0 hold=12 rsi=30 ez=0.0
  评分=0.9418 收益=1.81%

Stage 2: 指标组合搜索 (35 种组合)
  时间预算: 133s

  [6/35] use_volume                               | 评分=1.0904 | 收益=2.21% | 夏普=2.58 | DD=-0.6% | 交易=21 <<< NEW BEST
  [10/35] use_adx+use_volume                       | 评分=0.9093 | 收益=1.68% | 交易=13
  [20/35] use_mfi                                  | 评分=0.3686 | 收益=-0.02% | 交易=10
  [30/35] use_macd_divergence                      | 评分=1.0904 | 收益=2.21% | 交易=21

Stage 2 完成: 35/35 组合, 耗时 1.7s
  活跃指标: use_volume=True, volume_threshold=1.2


最优参数已保存: d:\10_skill\autoresearch\checkpoints\quant_model.pt

============================================================
最优参数与回测结果
============================================================
来源币种:       SOLUSDT
布林带周期:     15
标准差倍数:     2.5
ATR止损倍数:    2.0
最大持仓K线:   12
RSI阈值:        30
入场提前量:     0.0
活跃指标:       use_volume=True, volume_threshold=1.2
综合评分:       1.090443
夏普比率:       2.5776
总收益率:       2.21%
年化收益率:     31.12%
年化波动率:     12.07%
最大回撤:       -0.58%
胜率:           66.7%
总耗时:         136.2s
